// Jest Snapshot v1, https://goo.gl/fbAQLP

exports[`SettingScreen SettingScreen snapshot 1`] = `<SettingsContent />`;
