// Jest Snapshot v1, https://goo.gl/fbAQLP

exports[` NewsScreen  NewsScreen snapshot 1`] = `
<View
  style={
    Object {
      "flex": 1,
    }
  }
>
  <Text>
      NewsScreen  
  </Text>
  <ClickButton
    backgroundColor="#5d6fc4"
    onPress={[Function]}
    text="Details"
  />
</View>
`;
