// Jest Snapshot v1, https://goo.gl/fbAQLP

exports[`Login Login snapshot 1`] = `
<View
  style={
    Object {
      "backgroundColor": "#F7F9FC",
      "flex": 1,
      "flexDirection": "column",
      "justifyContent": "center",
    }
  }
>
  <Login />
</View>
`;
