// Jest Snapshot v1, https://goo.gl/fbAQLP

exports[`NewsDetailScreen NewsDetailScreen snapshot 1`] = `
<View
  style={
    Object {
      "flex": 1,
    }
  }
>
  <Text>
     NewsDetailScreen
  </Text>
</View>
`;
